$ cucumber-js -p default
...F--F--F--

Failures:

1) Scenario: Open Google and search for various terms # features/google/google.feature:10
   ✖ Given I have opened Google # features/google/google.ts:6
       browserType.launch: Executable doesn't exist at /Users/applemacbookprom2/Library/Caches/ms-playwright/chromium_headless_shell-1200/chrome-headless-shell-mac-arm64/chrome-headless-shell
       ╔═════════════════════════════════════════════════════════════════════════╗
       ║ Looks like Playwright Test or Playwright was just installed or updated. ║
       ║ Please run the following command to download new browsers:              ║
       ║                                                                         ║
       ║     npx playwright install                                              ║
       ║                                                                         ║
       ║ <3 Playwright Team                                                      ║
       ╚═════════════════════════════════════════════════════════════════════════╝
           at /Users/applemacbookprom2/Project/Test/selenium_cucumber_gherkin_ts/src/playwright.ts:91:43
           at /Users/applemacbookprom2/Project/Test/selenium_cucumber_gherkin_ts/src/playwright.ts:8:71
           at __awaiter (/Users/applemacbookprom2/Project/Test/selenium_cucumber_gherkin_ts/src/playwright.ts:4:12)
           at openBrowser (/Users/applemacbookprom2/Project/Test/selenium_cucumber_gherkin_ts/src/playwright.ts:114:12)
           at /Users/applemacbookprom2/Project/Test/selenium_cucumber_gherkin_ts/repository/google.ts:8:27
           at /Users/applemacbookprom2/Project/Test/selenium_cucumber_gherkin_ts/repository/google.ts:8:71
           at __awaiter (/Users/applemacbookprom2/Project/Test/selenium_cucumber_gherkin_ts/repository/google.ts:4:12)
           at startWebDriver (/Users/applemacbookprom2/Project/Test/selenium_cucumber_gherkin_ts/repository/google.ts:20:12)
           at /Users/applemacbookprom2/Project/Test/selenium_cucumber_gherkin_ts/features/google/google.ts:7:22
           at /Users/applemacbookprom2/Project/Test/selenium_cucumber_gherkin_ts/features/google/google.ts:8:71
           at __awaiter (/Users/applemacbookprom2/Project/Test/selenium_cucumber_gherkin_ts/features/google/google.ts:4:12)
           at World.<anonymous> (/Users/applemacbookprom2/Project/Test/selenium_cucumber_gherkin_ts/features/google/google.ts:6:42)
   - When I search for "webdriver" # features/google/google.ts:11
   - Then Title is include with "webdriver" # features/google/google.ts:15

2) Scenario: Open Google and search for various terms # features/google/google.feature:11
   ✖ Given I have opened Google # features/google/google.ts:6
       browserType.launch: Executable doesn't exist at /Users/applemacbookprom2/Library/Caches/ms-playwright/chromium_headless_shell-1200/chrome-headless-shell-mac-arm64/chrome-headless-shell
       ╔═════════════════════════════════════════════════════════════════════════╗
       ║ Looks like Playwright Test or Playwright was just installed or updated. ║
       ║ Please run the following command to download new browsers:              ║
       ║                                                                         ║
       ║     npx playwright install                                              ║
       ║                                                                         ║
       ║ <3 Playwright Team                                                      ║
       ╚═════════════════════════════════════════════════════════════════════════╝
           at /Users/applemacbookprom2/Project/Test/selenium_cucumber_gherkin_ts/src/playwright.ts:91:43
           at /Users/applemacbookprom2/Project/Test/selenium_cucumber_gherkin_ts/src/playwright.ts:8:71
           at __awaiter (/Users/applemacbookprom2/Project/Test/selenium_cucumber_gherkin_ts/src/playwright.ts:4:12)
           at openBrowser (/Users/applemacbookprom2/Project/Test/selenium_cucumber_gherkin_ts/src/playwright.ts:114:12)
           at /Users/applemacbookprom2/Project/Test/selenium_cucumber_gherkin_ts/repository/google.ts:8:27
           at /Users/applemacbookprom2/Project/Test/selenium_cucumber_gherkin_ts/repository/google.ts:8:71
           at __awaiter (/Users/applemacbookprom2/Project/Test/selenium_cucumber_gherkin_ts/repository/google.ts:4:12)
           at startWebDriver (/Users/applemacbookprom2/Project/Test/selenium_cucumber_gherkin_ts/repository/google.ts:20:12)
           at /Users/applemacbookprom2/Project/Test/selenium_cucumber_gherkin_ts/features/google/google.ts:7:22
           at /Users/applemacbookprom2/Project/Test/selenium_cucumber_gherkin_ts/features/google/google.ts:8:71
           at __awaiter (/Users/applemacbookprom2/Project/Test/selenium_cucumber_gherkin_ts/features/google/google.ts:4:12)
           at World.<anonymous> (/Users/applemacbookprom2/Project/Test/selenium_cucumber_gherkin_ts/features/google/google.ts:6:42)
   - When I search for "blogspot" # features/google/google.ts:11
   - Then Title is include with "blogspot" # features/google/google.ts:15

3) Scenario: Open Google and search for various terms # features/google/google.feature:12
   ✖ Given I have opened Google # features/google/google.ts:6
       browserType.launch: Executable doesn't exist at /Users/applemacbookprom2/Library/Caches/ms-playwright/chromium_headless_shell-1200/chrome-headless-shell-mac-arm64/chrome-headless-shell
       ╔═════════════════════════════════════════════════════════════════════════╗
       ║ Looks like Playwright Test or Playwright was just installed or updated. ║
       ║ Please run the following command to download new browsers:              ║
       ║                                                                         ║
       ║     npx playwright install                                              ║
       ║                                                                         ║
       ║ <3 Playwright Team                                                      ║
       ╚═════════════════════════════════════════════════════════════════════════╝
           at /Users/applemacbookprom2/Project/Test/selenium_cucumber_gherkin_ts/src/playwright.ts:91:43
           at /Users/applemacbookprom2/Project/Test/selenium_cucumber_gherkin_ts/src/playwright.ts:8:71
           at __awaiter (/Users/applemacbookprom2/Project/Test/selenium_cucumber_gherkin_ts/src/playwright.ts:4:12)
           at openBrowser (/Users/applemacbookprom2/Project/Test/selenium_cucumber_gherkin_ts/src/playwright.ts:114:12)
           at /Users/applemacbookprom2/Project/Test/selenium_cucumber_gherkin_ts/repository/google.ts:8:27
           at /Users/applemacbookprom2/Project/Test/selenium_cucumber_gherkin_ts/repository/google.ts:8:71
           at __awaiter (/Users/applemacbookprom2/Project/Test/selenium_cucumber_gherkin_ts/repository/google.ts:4:12)
           at startWebDriver (/Users/applemacbookprom2/Project/Test/selenium_cucumber_gherkin_ts/repository/google.ts:20:12)
           at /Users/applemacbookprom2/Project/Test/selenium_cucumber_gherkin_ts/features/google/google.ts:7:22
           at /Users/applemacbookprom2/Project/Test/selenium_cucumber_gherkin_ts/features/google/google.ts:8:71
           at __awaiter (/Users/applemacbookprom2/Project/Test/selenium_cucumber_gherkin_ts/features/google/google.ts:4:12)
           at World.<anonymous> (/Users/applemacbookprom2/Project/Test/selenium_cucumber_gherkin_ts/features/google/google.ts:6:42)
   - When I search for "cucumber" # features/google/google.ts:11
   - Then Title is include with "cucumber" # features/google/google.ts:15

4 scenarios (3 failed, 1 passed)
12 steps (3 failed, 6 skipped, 3 passed)
0m00.042s (executing steps: 0m00.021s)
error: script "test:cucumber" exited with code 1
